// Vitest Snapshot v1, https://vitest.dev/guide/snapshot.html

exports[`Step 4 > BoxInfo > Should match with the snapshot 1`] = `"<div class="flex flex-col bg-gray-200 bg-opacity-50 rounded-xl p-4"><span class="text-xs text-gray-600 font-normal mb-1">Title</span><span class="text-xs text-gray-900 font-medium">Value</span></div>"`;

exports[`Step 4 > Step 4 > Should match with the snapshot 1`] = `
"<div class="grid grid-cols-3 gap-y-5 gap-x-6" title="Title" value="Value">
  <div class="flex flex-col bg-gray-200 bg-opacity-50 rounded-xl p-4"><span class="text-xs text-gray-600 font-normal mb-1">Full name</span><span class="text-xs text-gray-900 font-medium">Teste</span></div>
  <div class="flex flex-col bg-gray-200 bg-opacity-50 rounded-xl p-4"><span class="text-xs text-gray-600 font-normal mb-1">Email Address</span><span class="text-xs text-gray-900 font-medium">teste@teste.com</span></div>
  <div class="flex flex-col bg-gray-200 bg-opacity-50 rounded-xl p-4"><span class="text-xs text-gray-600 font-normal mb-1">Phone Number</span><span class="text-xs text-gray-900 font-medium">79999999</span></div>
  <div class="flex flex-col bg-gray-200 bg-opacity-50 rounded-xl p-4"><span class="text-xs text-gray-600 font-normal mb-1">Portfolio/GitHub Link</span><span class="text-xs text-gray-900 font-medium">github.com/link</span></div>
  <div class="flex flex-col bg-gray-200 bg-opacity-50 rounded-xl p-4"><span class="text-xs text-gray-600 font-normal mb-1">Skill Level</span><span class="text-xs text-gray-900 font-medium">Beginner</span></div>
  <div class="flex flex-col bg-gray-200 bg-opacity-50 rounded-xl p-4"><span class="text-xs text-gray-600 font-normal mb-1">Challenge Preference</span><span class="text-xs text-gray-900 font-medium">AngularJs</span></div>
</div>"
`;
